// Jest Snapshot v1, https://goo.gl/fbAQLP

exports[`<ProductTitle/> when <ProductTitle/> is rendered component renders as expected 1`] = `
<div>
  <h1
    class="sc-bdfBwQ eChoRV pt-4 pb-4"
  >
    what the dickens
  </h1>
</div>
`;
