// Jest Snapshot v1, https://goo.gl/fbAQLP

exports[`<ProductPrice/> when <ProductPrice/> is rendered component renders as expected 1`] = `
<div>
  <div
    class="styled__TextMarginContainer-om15ht-1 iGroMy row"
  >
    <div
      class="col"
    >
      <p
        class="styled__PriceText-om15ht-0 Lzojg"
      >
        Â£10000.00
      </p>
      <p
        class="styled__RedText-om15ht-2 kydASL"
      >
        Claim an extra 3 years guarantee via redemption
      </p>
    </div>
  </div>
</div>
`;
