// Jest Snapshot v1, https://goo.gl/fbAQLP

exports[`<GridItem/> when <GridItem/> is rendered component renders as expected 1`] = `
<div>
  <div
    class="styled__GridContainer-sc-2f4uaf-0 iSkQZh col-md-3"
    data-testid="clickable-grid-item"
  >
    <div
      class="styled__GridInnerContainer-sc-2f4uaf-1 ikMEOp"
    >
      <div
        class="styled__ImageRow-sc-2f4uaf-2 hJaWkt row"
      >
        <div
          class="styled__ImageColumn-sc-2f4uaf-3 hRuqoU col"
        >
          <img
            alt="Hiya"
            class="styled__FluidImage-sc-2f4uaf-4 gnIfob"
            src="a picture"
          />
        </div>
      </div>
      <div
        class="styled__DescriptionTextArea-sc-2f4uaf-5 ciBjSO"
      >
        <p
          class="styled__DescriptionText-sc-2f4uaf-6 iQAyDz"
        >
          Hiya
        </p>
      </div>
      <div
        class="styled__PriceTextArea-sc-2f4uaf-7 fxldmJ"
      >
        <p
          class="styled__PriceText-sc-2f4uaf-8 jLBIpw"
        >
          Â£123
        </p>
      </div>
    </div>
  </div>
</div>
`;
