// Jest Snapshot v1, https://goo.gl/fbAQLP

exports[`<GridItem /> when product-grid api has loaded product grid page is rendered as expected 1`] = `
<div>
  <div
    class="styled__PageContainer-sc-2s9kr0-2 fKzSPT"
  >
    <header>
      <h1
        class="styled__H1-sc-2s9kr0-0 ievGjy pt-5 pb-5"
      >
        Dishwashers (114)
      </h1>
    </header>
    <main>
      <section>
        <div
          class="styled__GridContainer-sc-2s9kr0-3 dsalph row"
        >
          <div
            class="styled__GridContainer-sc-2f4uaf-0 iSkQZh col-md-3"
            data-testid="clickable-grid-item"
          >
            <div
              class="styled__GridInnerContainer-sc-2f4uaf-1 ikMEOp"
            >
              <div
                class="styled__ImageRow-sc-2f4uaf-2 hJaWkt row"
              >
                <div
                  class="styled__ImageColumn-sc-2f4uaf-3 hRuqoU col"
                >
                  <img
                    alt="What the dickens"
                    class="styled__FluidImage-sc-2f4uaf-4 gnIfob"
                    src="foo"
                  />
                </div>
              </div>
              <div
                class="styled__DescriptionTextArea-sc-2f4uaf-5 ciBjSO"
              >
                <p
                  class="styled__DescriptionText-sc-2f4uaf-6 iQAyDz"
                >
                  What the dickens
                </p>
              </div>
              <div
                class="styled__PriceTextArea-sc-2f4uaf-7 fxldmJ"
              >
                <p
                  class="styled__PriceText-sc-2f4uaf-8 jLBIpw"
                >
                  Â£1000
                </p>
              </div>
            </div>
          </div>
        </div>
      </section>
    </main>
  </div>
</div>
`;

exports[`<GridItem /> when product-grid api is loading a loading message is displayed 1`] = `
<div>
  <div
    class="styled__Loader-sc-2s9kr0-1 iMqxez"
  >
    Loading Dishwashers
  </div>
</div>
`;
